2025-04-04 04:55:42.834564 - Received CBT.V508.FILE136.PDS from FILE136.XMI 
2025-04-04 04:55:42.836598 - Found $$$#DATE.txt (text/plain) in CBT.V508.FILE136.PDS, moved to PDS/$$$#DATE
2025-04-04 04:55:42.836771 - Found $INDEX.txt (text/plain) in CBT.V508.FILE136.PDS, moved to PDS/$INDEX
2025-04-04 04:55:42.836981 - Found @FILE136.txt (text/plain) in CBT.V508.FILE136.PDS, moved to PDS/@FILE136
2025-04-04 04:55:42.837152 - Found AAHLXXX.txt (text/plain) in CBT.V508.FILE136.PDS, moved to PDS/AAHLXXX
2025-04-04 04:55:42.837312 - Found ADFHXXX.txt (text/plain) in CBT.V508.FILE136.PDS, moved to PDS/ADFHXXX
2025-04-04 04:55:42.837476 - Found AFNMXXX.jcl (text/plain) in CBT.V508.FILE136.PDS, moved to PDS/AFNMXXX
2025-04-04 04:55:42.837663 - Found AIEAXXX.txt (text/plain) in CBT.V508.FILE136.PDS, moved to PDS/AIEAXXX
2025-04-04 04:55:42.837778 - Found AIEEXXX.txt (text/plain) in CBT.V508.FILE136.PDS, moved to PDS/AIEEXXX
2025-04-04 04:55:42.837938 - Found APLCAMS.txt (text/plain) in CBT.V508.FILE136.PDS, moved to PDS/APLCAMS
2025-04-04 04:55:42.838053 - Found APUT.txt (text/plain) in CBT.V508.FILE136.PDS, moved to PDS/APUT
2025-04-04 04:55:42.838184 - Found ASID.txt (text/plain) in CBT.V508.FILE136.PDS, moved to PDS/ASID
2025-04-04 04:55:42.838302 - Found BANNER.txt (text/plain) in CBT.V508.FILE136.PDS, moved to PDS/BANNER
2025-04-04 04:55:42.838459 - Found BRODSCAN.txt (text/plain) in CBT.V508.FILE136.PDS, moved to PDS/BRODSCAN
2025-04-04 04:55:42.838618 - Found BRODSCOL.txt (text/plain) in CBT.V508.FILE136.PDS, moved to PDS/BRODSCOL
2025-04-04 04:55:42.838765 - Found CARTCOPY.txt (text/plain) in CBT.V508.FILE136.PDS, moved to PDS/CARTCOPY
2025-04-04 04:55:42.838895 - Found CARTPROC.txt (text/plain) in CBT.V508.FILE136.PDS, moved to PDS/CARTPROC
2025-04-04 04:55:42.839017 - Found CONSOLE.txt (text/plain) in CBT.V508.FILE136.PDS, moved to PDS/CONSOLE
2025-04-04 04:55:42.839133 - Found CPPL.txt (text/plain) in CBT.V508.FILE136.PDS, moved to PDS/CPPL
2025-04-04 04:55:42.839255 - Found CSPL.txt (text/plain) in CBT.V508.FILE136.PDS, moved to PDS/CSPL
2025-04-04 04:55:42.839371 - Found DATECONV.txt (text/plain) in CBT.V508.FILE136.PDS, moved to PDS/DATECONV
2025-04-04 04:55:42.839489 - Found DRDROID.jcl (text/plain) in CBT.V508.FILE136.PDS, moved to PDS/DRDROID
2025-04-04 04:55:42.839607 - Found ENTER.txt (text/plain) in CBT.V508.FILE136.PDS, moved to PDS/ENTER
2025-04-04 04:55:42.839772 - Found EPUTL.txt (text/plain) in CBT.V508.FILE136.PDS, moved to PDS/EPUTL
2025-04-04 04:55:42.839886 - Found EPUTL$.jcl (text/plain) in CBT.V508.FILE136.PDS, moved to PDS/EPUTL$
2025-04-04 04:55:42.840013 - Found EPUTLO.txt (text/plain) in CBT.V508.FILE136.PDS, moved to PDS/EPUTLO
2025-04-04 04:55:42.840158 - Found EPUTL01.txt (text/plain) in CBT.V508.FILE136.PDS, moved to PDS/EPUTL01
2025-04-04 04:55:42.840274 - Found HMDCHRON.txt (text/plain) in CBT.V508.FILE136.PDS, moved to PDS/HMDCHRON
2025-04-04 04:55:42.840389 - Found HMDTIME.txt (text/plain) in CBT.V508.FILE136.PDS, moved to PDS/HMDTIME
2025-04-04 04:55:42.840496 - Found HTIME.txt (text/plain) in CBT.V508.FILE136.PDS, moved to PDS/HTIME
2025-04-04 04:55:42.840609 - Found IKJEFF10.txt (text/plain) in CBT.V508.FILE136.PDS, moved to PDS/IKJEFF10
2025-04-04 04:55:42.840720 - Found INMXZ02.txt (text/plain) in CBT.V508.FILE136.PDS, moved to PDS/INMXZ02
2025-04-04 04:55:42.840834 - Found INUSE.txt (text/plain) in CBT.V508.FILE136.PDS, moved to PDS/INUSE
2025-04-04 04:55:42.840957 - Found IOPL.txt (text/plain) in CBT.V508.FILE136.PDS, moved to PDS/IOPL
2025-04-04 04:55:42.841083 - Found JULGREG.txt (text/plain) in CBT.V508.FILE136.PDS, moved to PDS/JULGREG
2025-04-04 04:55:42.841195 - Found LDROP.txt (text/plain) in CBT.V508.FILE136.PDS, moved to PDS/LDROP
2025-04-04 04:55:42.841324 - Found LEAVE.txt (text/plain) in CBT.V508.FILE136.PDS, moved to PDS/LEAVE
2025-04-04 04:55:42.841445 - Found LSPACE.txt (text/plain) in CBT.V508.FILE136.PDS, moved to PDS/LSPACE
2025-04-04 04:55:42.841555 - Found LSPHELP.txt (text/plain) in CBT.V508.FILE136.PDS, moved to PDS/LSPHELP
2025-04-04 04:55:42.841663 - Found LUSE.txt (text/plain) in CBT.V508.FILE136.PDS, moved to PDS/LUSE
2025-04-04 04:55:42.841783 - Found NEWVOL.txt (text/plain) in CBT.V508.FILE136.PDS, moved to PDS/NEWVOL
2025-04-04 04:55:42.841924 - Found PDFINIT.txt (text/plain) in CBT.V508.FILE136.PDS, moved to PDS/PDFINIT
2025-04-04 04:55:42.842044 - Found PPL.txt (text/plain) in CBT.V508.FILE136.PDS, moved to PDS/PPL
2025-04-04 04:55:42.842161 - Found REGS.txt (text/plain) in CBT.V508.FILE136.PDS, moved to PDS/REGS
2025-04-04 04:55:42.842316 - Found SETUSER.txt (text/plain) in CBT.V508.FILE136.PDS, moved to PDS/SETUSER
2025-04-04 04:55:42.842442 - Found TAPESCAN.txt (text/plain) in CBT.V508.FILE136.PDS, moved to PDS/TAPESCAN
2025-04-04 04:55:42.842576 - Found TAPESDOC.txt (text/plain) in CBT.V508.FILE136.PDS, moved to PDS/TAPESDOC
2025-04-04 04:55:42.842689 - Found TSOENTER.txt (text/plain) in CBT.V508.FILE136.PDS, moved to PDS/TSOENTER
2025-04-04 04:55:42.842796 - Found TSOLEAVE.txt (text/plain) in CBT.V508.FILE136.PDS, moved to PDS/TSOLEAVE
2025-04-04 04:55:42.842909 - Found WRU.txt (text/plain) in CBT.V508.FILE136.PDS, moved to PDS/WRU
2025-04-04 04:55:42.843028 - Found XABSM.txt (text/plain) in CBT.V508.FILE136.PDS, moved to PDS/XABSM
